// Jest Snapshot v1, https://goo.gl/fbAQLP

exports[`formatComment 1`] = `
"- same.yaml
- after.yaml
- new.yaml **(New)**
- old.yaml **(Deleted)**

<details>
<summary>Diff</summary>

### same.yaml
\`\`\`diff
change
\`\`\`
### after.yaml
\`\`\`diff
rename
\`\`\`
### new.yaml
\`\`\`diff
create
\`\`\`
### old.yaml
\`\`\`diff
delete
\`\`\`

</details>

GitHub Actions: https://github.com/int128/diff-action/actions/runs/6282216330"
`;
