// Vitest Snapshot v1, https://vitest.dev/guide/snapshot.html

exports[`formatComment 1`] = `
{
  "fullComment": "4 files changed:

- \`M\` same.yaml
- \`R(80%)\` after.yaml
- \`A\` new.yaml
- \`D\` old.yaml

1 added \`A\`, 1 deleted \`D\`, 1 renamed (similar) \`R(~99%)\`, 1 modified \`M\`

<details>
<summary>Diff</summary>

### same.yaml
\`\`\`diff
change
\`\`\`
### after.yaml
\`\`\`diff
--- before.yaml
+++ after.yaml (80%)
rename
\`\`\`
### new.yaml
\`\`\`diff
create
\`\`\`
### old.yaml
\`\`\`diff
delete
\`\`\`

</details>

[GitHub Actions](https://github.com/int128/diff-action/actions/runs/6282216330)",
  "listComment": "4 files changed:

- \`M\` same.yaml
- \`R(80%)\` after.yaml
- \`A\` new.yaml
- \`D\` old.yaml

1 added \`A\`, 1 deleted \`D\`, 1 renamed (similar) \`R(~99%)\`, 1 modified \`M\`

See the [full diff](https://github.com/int128/diff-action/actions/runs/6282216330)",
  "shortComment": "4 files changed:

- \`M\` same.yaml
- \`R(80%)\` after.yaml
- \`A\` new.yaml
- \`D\` old.yaml

1 added \`A\`, 1 deleted \`D\`, 1 renamed (similar) \`R(~99%)\`, 1 modified \`M\`

<details>
<summary>Diff</summary>

### same.yaml
\`\`\`diff
change
\`\`\`
### after.yaml
\`\`\`diff
--- before.yaml
+++ after.yaml (80%)
rename
\`\`\`
### \`A\` new.yaml
### \`D\` old.yaml

</details>

See the [full diff](https://github.com/int128/diff-action/actions/runs/6282216330)",
  "summaryComment": "4 files changed:

1 added \`A\`, 1 deleted \`D\`, 1 renamed (similar) \`R(~99%)\`, 1 modified \`M\`

See the [full diff](https://github.com/int128/diff-action/actions/runs/6282216330)",
}
`;
